// Jest Snapshot v1, https://goo.gl/fbAQLP

exports[`<Root /> renders the component 1`] = `
<div
  className="App"
>
  <Component />
  <main
    className="py-4 px-8"
    style={
      Object {
        "marginLeft": "25%",
      }
    }
  >
    <Component />
  </main>
</div>
`;
